
> soyol-video-shop@2.0.0 build
> next build

Γû▓ Next.js 16.1.6 (Turbopack)
- Environments: .env

node.exe : ΓÜá The 
"middleware" file 
convention is 
deprecated. Please use 
"proxy" instead. Learn 
more: https://nextjs.or
g/docs/messages/middlew
are-to-proxy
At line:1 char:1
+ & "C:\Program 
Files\nodejs/node.exe" 
"C:\Program 
Files\nodejs/node_mo 
...
+ ~~~~~~~~~~~~~~~~~~~~~
~~~~~~~~~~~~~~~~~~~~~~~
~~~~~~~~~~~~~~~~~~~~~~~
~~
    + CategoryInfo     
         : NotSpecifi  
  ed: (ΓÜá The "midd   
 le...leware-to-pro    
xy:String) [], Rem    
oteException
    + FullyQualifiedEr 
   rorId : NativeComm  
  andError
 
  Creating an optimized production build ...
Γ£ô Compiled successfully in 14.0s
  Running TypeScript ...
  Collecting page data using 11 workers ...
[Upstash Redis] Unable 
to find environment 
variable: `UPSTASH_REDI
S_REST_URL`
[Upstash Redis] Unable 
to find environment 
variable: `UPSTASH_REDI
S_REST_TOKEN`
[Upstash Redis] The 
'url' property is 
missing or undefined 
in your Redis config.
[Upstash Redis] The 
'token' property is 
missing or undefined 
in your Redis config.
[Upstash Redis] Unable 
to find environment 
variable: `UPSTASH_REDI
S_REST_URL`
[Upstash Redis] Unable 
to find environment 
variable: `UPSTASH_REDI
S_REST_TOKEN`
[Upstash Redis] The 
'url' property is 
missing or undefined 
in your Redis config.
[Upstash Redis] The 
'token' property is 
missing or undefined 
in your Redis config.
ΓÜá Using edge runtime 
on a page currently 
disables static 
generation for that 
page
  Generating static pages using 11 workers (0/69) ...
[Upstash Redis] Unable 
to find environment 
variable: `UPSTASH_REDI
S_REST_URL`
[Upstash Redis] Unable 
to find environment 
variable: `UPSTASH_REDI
S_REST_TOKEN`
[Upstash Redis] The 
'url' property is 
missing or undefined 
in your Redis config.
[Upstash Redis] The 
'token' property is 
missing or undefined 
in your Redis config.
  Generating static pages using 11 workers (17/69) 
  Generating static pages using 11 workers (34/69) 
  Generating static pages using 11 workers (51/69) 
Γ£ô Generating static pages using 11 workers (69/69) in 1759.5ms
  Finalizing page optimization ...

Route (app)
Γöî Γùï /
Γö£ Γùï /_not-found
Γö£ Γùï /about
Γö£ Γùï /addresses
Γö£ Γùï /admin
Γö£ Γùï /admin/attributes
Γö£ Γùï /admin/categories
Γö£ Γùï /admin/demo
Γö£ Γùï /admin/messages
Γö£ Γùï /admin/orders
Γö£ Γùï /admin/products
Γö£ ╞Æ /admin/products/[id]
Γö£ Γùï /admin/products/new
Γö£ Γùï /admin/stores
Γö£ ╞Æ /api/admin/orders
Γö£ ╞Æ /api/admin/stores
Γö£ ╞Æ /api/admin/users
Γö£ ╞Æ /api/attributes
Γö£ ╞Æ /api/auth/check-user
Γö£ ╞Æ /api/auth/login
Γö£ ╞Æ /api/auth/logout
Γö£ ╞Æ /api/auth/me
Γö£ ╞Æ /api/auth/register
Γö£ ╞Æ /api/auth/send-otp
Γö£ ╞Æ /api/auth/verify-otp
Γö£ ╞Æ /api/cart
Γö£ ╞Æ /api/categories
Γö£ ╞Æ /api/categories/[slug]
Γö£ ╞Æ /api/chat
Γö£ ╞Æ /api/checkout
Γö£ ╞Æ /api/delivery
Γö£ ╞Æ /api/health/db
Γö£ ╞Æ /api/livekit
Γö£ ╞Æ /api/messages
Γö£ ╞Æ /api/notifications
Γö£ ╞Æ /api/orders
Γö£ ╞Æ /api/payment/qpay/callback
Γö£ ╞Æ /api/payment/qpay/check/[invoiceId]
Γö£ ╞Æ /api/payment/qpay/create
Γö£ ╞Æ /api/products
Γö£ ╞Æ /api/products/[id]
Γö£ ╞Æ /api/products/[id]/similar
Γö£ ╞Æ /api/reviews
Γö£ ╞Æ /api/reviews/helpful
Γö£ ╞Æ /api/search/suggestions
Γö£ ╞Æ /api/stores/[handle]
Γö£ ╞Æ /api/user/addresses
Γö£ ╞Æ /api/user/addresses/[id]
Γö£ ╞Æ /api/users
Γö£ ╞Æ /api/vendor/orders
Γö£ ╞Æ /api/vendor/products
Γö£ ╞Æ /api/vendor/register
Γö£ ╞Æ /api/vendor/stats
Γö£ Γùï /cart
Γö£ Γùï /categories
Γö£ ╞Æ /category/[categorySlug]
Γö£ Γùï /checkout
Γö£ Γùï /dashboard
Γö£ Γùï /deals
Γö£ Γùï /messages
Γö£ Γùï /new-arrivals
Γö£ Γùï /orders
Γö£ Γùï /pre-order
Γö£ ╞Æ /product/[id]
Γö£ Γùï /profile
Γö£ Γùï /ready-to-ship
Γö£ Γùï /sale
Γö£ Γùï /search
Γö£ Γùï /settings
Γö£ Γùï /settings/notifications
Γö£ Γùï /settings/security
Γö£ Γùï /sign-in
Γö£ Γùï /sign-up
Γö£ ╞Æ /store/[storeHandle]
Γö£ Γùï /success
Γö£ Γùï /support
Γö£ Γùï /terms
Γö£ Γùï /track
Γö£ Γùï /vendor/dashboard
Γö£ Γùï /vendor/register
Γö£ Γùï /verify
Γö£ Γùï /video-call
Γöö Γùï /wishlist


╞Æ Proxy (Middleware)

Γùï  (Static)   prerendered as static content
╞Æ  (Dynamic)  server-rendered on demand

